/// Jest Snapshot v1, https://goo.gl/fbAQLP

exports[`should test Header component 1`] = `
<div
  className="makeStyles-docerIconGroup-1"
>
  <div>
    <h3>
      Rebuild With Docker Glasswall CLI Version  
      version5
       
    </h3>
  </div>
  <ul>
    <div>
      <li>
        <span
          className="makeStyles-redBtn-3"
        />
        <p>
          Docker not started
        </p>
      </li>
      <li>
        <Link
          className="makeStyles-configureBtn-5"
          to="/configure"
        >
          Configure
        </Link>
      </li>
    </div>
  </ul>
</div>
`;
